// Jest Snapshot v1, https://goo.gl/fbAQLP

exports[`pass in media label 1`] = `
<lightningtest-pill-test>
  #shadow-root(open)
    <c-pill
      class="slds-pill slds-pill_link"
      title="Title for Pill"
    >
      #shadow-root(open)
        <span
          class="slds-pill__icon_container"
        >
          <slot />
        </span>
        <a
          class="slds-pill__action"
          href="/path/to/somewhere"
        >
          <span
            class="slds-pill__label"
          >
            Pill with Avatar
          </span>
        </a>
        <c-button-icon
          class="slds-pill__remove"
          tabindex="0"
        >
          #shadow-root(open)
            <button
              class="slds-button slds-button_icon slds-button_icon-bare"
              title="Remove"
              type="button"
            >
              <c-primitive-icon>
                #shadow-root(open)
                  <svg
                    aria-hidden="true"
                    class="slds-button__icon"
                    data-key="close"
                    focusable="false"
                  >
                    <use
                      xlink:href="/assets/icons/utility-sprite/svg/symbols.svg#close"
                    />
                  </svg>
              </c-primitive-icon>
              <span
                class="slds-assistive-text"
              >
                Remove
              </span>
            </button>
        </c-button-icon>
      <c-avatar
        class="slds-avatar slds-avatar_medium slds-avatar_circle"
      >
        #shadow-root(open)
          <img
            alt="User avatar"
            src="/assets/images/avatar2.jpg"
            title="User avatar"
          />
      </c-avatar>
    </c-pill>
    <c-pill
      class="slds-pill slds-pill_link"
      title="Title for Pill"
    >
      #shadow-root(open)
        <span
          class="slds-pill__icon_container"
        >
          <slot />
        </span>
        <a
          class="slds-pill__action"
          href="/path/to/somewhere"
        >
          <span
            class="slds-pill__label"
          >
            Pill with Icon
          </span>
        </a>
        <c-button-icon
          class="slds-pill__remove"
          tabindex="0"
        >
          #shadow-root(open)
            <button
              class="slds-button slds-button_icon slds-button_icon-bare"
              title="Remove"
              type="button"
            >
              <c-primitive-icon>
                #shadow-root(open)
                  <svg
                    aria-hidden="true"
                    class="slds-button__icon"
                    data-key="close"
                    focusable="false"
                  >
                    <use
                      xlink:href="/assets/icons/utility-sprite/svg/symbols.svg#close"
                    />
                  </svg>
              </c-primitive-icon>
              <span
                class="slds-assistive-text"
              >
                Remove
              </span>
            </button>
        </c-button-icon>
      <c-icon
        class="slds-icon-standard-account slds-icon_container"
      >
        #shadow-root(open)
          <c-primitive-icon>
            #shadow-root(open)
              <svg
                aria-hidden="true"
                class="slds-icon"
                data-key="account"
                focusable="false"
              >
                <use
                  xlink:href="/assets/icons/standard-sprite/svg/symbols.svg#account"
                />
              </svg>
          </c-primitive-icon>
          <span
            class="slds-assistive-text"
          >
            Account
          </span>
      </c-icon>
    </c-pill>
    <c-pill
      class="slds-pill"
      title="Title for Pill"
    >
      #shadow-root(open)
        <slot />
        <span
          class="slds-pill__label"
        >
          Pill with Avatar
        </span>
        <c-primitive-icon
          class="slds-icon_container slds-pill__remove"
          title="Remove"
        >
          #shadow-root(open)
            <svg
              aria-hidden="true"
              class="slds-icon slds-icon_x-small slds-icon-text-default"
              data-key="close"
              focusable="false"
            >
              <use
                xlink:href="/assets/icons/utility-sprite/svg/symbols.svg#close"
              />
            </svg>
        </c-primitive-icon>
        <span
          class="slds-assistive-text"
        >
          Press delete or backspace to remove
        </span>
      <c-avatar
        class="slds-avatar slds-avatar_medium slds-avatar_circle"
      >
        #shadow-root(open)
          <img
            alt="User avatar"
            src="/assets/images/avatar2.jpg"
            title="User avatar"
          />
      </c-avatar>
    </c-pill>
    <c-pill
      class="slds-pill"
      title="Title for Pill"
    >
      #shadow-root(open)
        <slot />
        <span
          class="slds-pill__label"
        >
          Pill with Icon
        </span>
        <c-primitive-icon
          class="slds-icon_container slds-pill__remove"
          title="Remove"
        >
          #shadow-root(open)
            <svg
              aria-hidden="true"
              class="slds-icon slds-icon_x-small slds-icon-text-default"
              data-key="close"
              focusable="false"
            >
              <use
                xlink:href="/assets/icons/utility-sprite/svg/symbols.svg#close"
              />
            </svg>
        </c-primitive-icon>
        <span
          class="slds-assistive-text"
        >
          Press delete or backspace to remove
        </span>
      <c-icon
        class="slds-icon-standard-account slds-icon_container"
      >
        #shadow-root(open)
          <c-primitive-icon>
            #shadow-root(open)
              <svg
                aria-hidden="true"
                class="slds-icon"
                data-key="account"
                focusable="false"
              >
                <use
                  xlink:href="/assets/icons/standard-sprite/svg/symbols.svg#account"
                />
              </svg>
          </c-primitive-icon>
          <span
            class="slds-assistive-text"
          >
            Account
          </span>
      </c-icon>
    </c-pill>
</lightningtest-pill-test>
`;
